acpid						install
apache2-utils					install
apparmor					install
apt						install
apt-file					install
apt-utils					install
apt-xapian-index				install
aptitude					install
aptitude-common					install
at						install
autoconf					install
automake					install
autopoint					install
autotools-dev					install
base-files					install
base-passwd					install
bash						install
bash-completion					install
bc						install
binutils					install
binutils-dev					install
bsdmainutils					install
bsdutils					install
build-essential					install
busybox-initramfs				install
busybox-static					install
byobu						install
bzip2						install
ca-certificates					install
cifs-utils					install
cmake						install
cmake-data					install
comerr-dev					install
command-not-found				install
command-not-found-data				install
console-setup					install
coreutils					install
corosync-dev					install
cpio						install
cpp						install
cpp-4.8						install
cron						install
cryptsetup					install
cryptsetup-bin					install
curl						install
dash						install
dbus						install
dchroot						install
debconf						install
debconf-i18n					install
debhelper					install
debianutils					install
debootstrap					install
debugedit					install
dh-apparmor					install
dh-autoreconf					install
dh-python					install
dialog						install
diffutils					install
dmidecode					install
dmsetup						install
dosfstools					install
dpkg						install
dpkg-dev					install
e2fslibs:amd64					install
e2fsprogs					install
eatmydata					install
eject						install
ethtool						install
fail2ban					install
fakeroot					install
file						install
findutils					install
fontconfig-config				install
fonts-dejavu-core				install
fonts-ubuntu-font-family-console		install
freetds-common					install
freetds-dev					install
friendly-recovery				install
ftp						install
fuse						install
fxload						install
g++						install
g++-4.8						install
galera-3					install
gawk						install
gcc						install
gcc-4.8						install
gcc-4.8-base:amd64				install
gcc-4.9-base:amd64				install
gdisk						install
geoip-bin					install
geoip-database					install
gettext						install
gettext-base					install
ghostscript					install
gir1.2-glib-2.0					install
git						install
git-core					install
git-man						install
gnupg						install
golang						install
golang-doc					install
golang-go					install
golang-go-linux-amd64				install
golang-src					install
gpgv						install
grep						install
groff-base					install
gsfonts						install
gzip						install
hardening-wrapper				install
hdparm						install
hhvm						install
hhvm-dev					install
hostname					install
icu-devtools					install
ifupdown					install
imagemagick-common				install
info						install
install-info					install
intltool-debian					install
iproute						install
iproute2					install
iptables					install
iputils-ping					install
iputils-tracepath				install
irqbalance					install
isc-dhcp-client					install
isc-dhcp-common					install
iso-codes					install
jwhois						install
kbd						install
keyboard-configuration				install
keyutils					install
klibc-utils					install
kmod						install
krb5-locales					install
krb5-multidev					install
landscape-client				install
landscape-common				install
language-pack-ja				install
language-pack-ja-base				install
language-selector-common			install
laptop-detect					install
less						install
libaccountsservice0:amd64			install
libacl1:amd64					install
libaio1:amd64					install
libalgorithm-diff-perl				install
libalgorithm-diff-xs-perl			install
libalgorithm-merge-perl				install
libapparmor-perl				install
libapparmor1:amd64				install
libapr1:amd64					install
libaprutil1:amd64				install
libapt-inst1.5:amd64				install
libapt-pkg-perl					install
libapt-pkg4.12:amd64				install
libarchive-extract-perl				install
libarchive13:amd64				install
libasan0:amd64					install
libasn1-8-heimdal:amd64				install
libasound2:amd64				install
libasound2-data					install
libasound2-dev:amd64				install
libasprintf0c2:amd64				install
libassuan0:amd64				install
libatomic1:amd64				install
libattr1:amd64					install
libaudit-common					install
libaudit1:amd64					install
libaugeas0					install
libavahi-client3:amd64				install
libavahi-common-data:amd64			install
libavahi-common3:amd64				install
libbind9-90					install
libblkid1:amd64					install
libbluetooth-dev				install
libbluetooth3:amd64				install
libboost-atomic1.54-dev:amd64			install
libboost-atomic1.54.0:amd64			install
libboost-chrono1.54-dev:amd64			install
libboost-chrono1.54.0:amd64			install
libboost-context1.54.0:amd64			install
libboost-date-time1.54-dev:amd64		install
libboost-date-time1.54.0:amd64			install
libboost-filesystem1.54.0:amd64			install
libboost-iostreams1.54.0:amd64			install
libboost-program-options1.54.0:amd64		install
libboost-regex1.54.0:amd64			install
libboost-serialization1.54-dev:amd64		install
libboost-serialization1.54.0:amd64		install
libboost-system1.54-dev:amd64			install
libboost-system1.54.0:amd64			install
libboost-thread-dev:amd64			install
libboost-thread1.54-dev:amd64			install
libboost-thread1.54.0:amd64			install
libboost1.54-dev				install
libbsd-dev					install
libbsd0:amd64					install
libbz2-1.0:amd64				install
libbz2-dev:amd64				install
libc-bin					install
libc-client2007e				install
libc-client2007e-dev				install
libc-dev-bin					install
libc6:amd64					install
libc6-dev:amd64					install
libcap-dev:amd64				install
libcap-ng0					install
libcap2:amd64					install
libcap2-bin					install
libcgmanager0:amd64				install
libck-connector0:amd64				install
libclass-accessor-perl				install
libcloog-isl4:amd64				install
libcomerr2:amd64				install
libconfig-file-perl				install
libcorosync-common-dev				install
libcorosync-common4				install
libcroco3:amd64					install
libcryptsetup4					install
libct4:amd64					install
libcups2:amd64					install
libcupsfilters1:amd64				install
libcupsimage2:amd64				install
libcurl3:amd64					install
libcurl3-gnutls:amd64				install
libcurl4-openssl-dev:amd64			install
libcurses-perl					install
libcurses-ui-perl				install
libcwidget3					install
libdate-manip-perl				install
libdb5.3:amd64					install
libdbd-mysql-perl				install
libdbi-perl					install
libdbus-1-3:amd64				install
libdbus-glib-1-2:amd64				install
libdebconfclient0:amd64				install
libdevmapper-event1.02.1:amd64			install
libdevmapper1.02.1:amd64			install
libdns100					install
libdpkg-perl					install
libdrm2:amd64					install
libdumbnet1					install
libdwarf-dev					install
libedit-dev:amd64				install
libedit2:amd64					install
libelf-dev:amd64				install
libelf1:amd64					install
libelfg0:amd64					install
libept1.4.12:amd64				install
liberror-perl					install
libestr0					install
libevent-2.0-5:amd64				install
libevent-core-2.0-5:amd64			install
libevent-dev					install
libevent-extra-2.0-5:amd64			install
libevent-openssl-2.0-5:amd64			install
libevent-pthreads-2.0-5:amd64			install
libexpat1:amd64					install
libexpat1-dev:amd64				install
libfakeroot:amd64				install
libffi-dev:amd64				install
libffi6:amd64					install
libfftw3-double3:amd64				install
libfile-fcntllock-perl				install
libfontconfig1:amd64				install
libfreeradius-client-dev			install
libfreeradius-client2				install
libfreetype6:amd64				install
libfribidi0:amd64				install
libfuse2:amd64					install
libgc1c2:amd64					install
libgcc-4.8-dev:amd64				install
libgcc1:amd64					install
libgck-1-0:amd64				install
libgcr-3-common					install
libgcr-base-3-1:amd64				install
libgcrypt11:amd64				install
libgcrypt11-dev					install
libgd3:amd64					install
libgdbm3:amd64					install
libgeoip-dev					install
libgeoip1:amd64					install
libgflags-dev					install
libgflags2					install
libgirepository-1.0-1				install
libglib2.0-0:amd64				install
libglib2.0-bin					install
libglib2.0-data					install
libglib2.0-dev					install
libgmime-2.6-0:amd64				install
libgmime-2.6-dev				install
libgmp10:amd64					install
libgnutls-dev					install
libgnutls-openssl27:amd64			install
libgnutls26:amd64				install
libgnutlsxx27:amd64				install
libgomp1:amd64					install
libgoogle-glog-dev				install
libgoogle-glog0					install
libgpg-error-dev				install
libgpg-error0:amd64				install
libgpgme11:amd64				install
libgpm2:amd64					install
libgs9						install
libgs9-common					install
libgsm1:amd64					install
libgsm1-dev:amd64				install
libgssapi-krb5-2:amd64				install
libgssapi3-heimdal:amd64			install
libgssrpc4:amd64				install
libhashkit-dev					install
libhashkit2:amd64				install
libhcrypto4-heimdal:amd64			install
libheimbase1-heimdal:amd64			install
libheimntlm0-heimdal:amd64			install
libhtml-template-perl				install
libhx509-5-heimdal:amd64			install
libical-dev					install
libical1					install
libicu-dev:amd64				install
libicu52:amd64					install
libidn11:amd64					install
libidn11-dev					install
libijs-0.35					install
libiksemel-dev					install
libiksemel3					install
libio-string-perl				install
libisc95					install
libisccc90					install
libisccfg90					install
libisl10:amd64					install
libitm1:amd64					install
libjack-dev					install
libjack0:amd64					install
libjansson-dev:amd64				install
libjansson4:amd64				install
libjasper1:amd64				install
libjbig-dev:amd64				install
libjbig0:amd64					install
libjbig2dec0					install
libjemalloc-dev					install
libjemalloc1					install
libjpeg-dev:amd64				install
libjpeg-turbo8:amd64				install
libjpeg-turbo8-dev:amd64			install
libjpeg8:amd64					install
libjpeg8-dev:amd64				install
libjson-c2:amd64				install
libjson0:amd64					install
libk5crypto3:amd64				install
libkadm5clnt-mit9:amd64				install
libkadm5srv-mit9:amd64				install
libkdb5-7:amd64					install
libkeyutils1:amd64				install
libklibc					install
libkmod2:amd64					install
libkrb5-26-heimdal:amd64			install
libkrb5-3:amd64					install
libkrb5-dev					install
libkrb5support0:amd64				install
liblcms2-2:amd64				install
libldap-2.4-2:amd64				install
libldap2-dev:amd64				install
libldb1:amd64					install
liblist-moreutils-perl				install
liblocale-gettext-perl				install
liblockfile-bin					install
liblockfile1:amd64				install
liblog-message-simple-perl			install
liblqr-1-0:amd64				install
libltdl-dev:amd64				install
libltdl7:amd64					install
liblua5.1-0:amd64				install
liblua5.1-0-dev:amd64				install
liblua5.2-0:amd64				install
liblwres90					install
liblzma-dev:amd64				install
liblzma5:amd64					install
liblzo2-2:amd64					install
libmagic1:amd64					install
libmagickcore5:amd64				install
libmagickwand5:amd64				install
libmariadbclient-dev				install
libmariadbclient18				install
libmcrypt4					install
libmemcached-dev				install
libmemcached10:amd64				install
libmemcachedprotocol0:amd64			install
libmemcachedutil2:amd64				install
libmodule-pluggable-perl			install
libmount1:amd64					install
libmpc3:amd64					install
libmpdec2:amd64					install
libmpfr4:amd64					install
libmysqlclient18				install
libncurses5:amd64				install
libncurses5-dev:amd64				install
libncursesw5:amd64				install
libneon27-gnutls				install
libneon27-gnutls-dev				install
libnettle4:amd64				install
libnewt-dev:amd64				install
libnewt0.52:amd64				install
libnfnetlink0:amd64				install
libnih-dbus1:amd64				install
libnih1:amd64					install
libnl-3-200:amd64				deinstall
libnl-genl-3-200:amd64				deinstall
libnspr4:amd64					install
libnss3:amd64					install
libnss3-nssdb					install
libntdb1:amd64					install
libnuma1:amd64					install
libodbc1:amd64					install
libogg-dev:amd64				install
libogg0:amd64					install
libonig2					install
libopenr2-3					install
libopenr2-dev					install
libopts25:amd64					install
libp11-kit-dev					install
libp11-kit0:amd64				install
libpam-cap:amd64				install
libpam-modules:amd64				install
libpam-modules-bin				install
libpam-runtime					install
libpam-systemd:amd64				install
libpam0g:amd64					install
libpam0g-dev:amd64				install
libpaper-utils					install
libpaper1:amd64					install
libparse-debianchangelog-perl			install
libparted0debian1:amd64				install
libpcap0.8:amd64				install
libpci3:amd64					install
libpcre3:amd64					install
libpcre3-dev:amd64				install
libpcrecpp0:amd64				install
libperl5.18					install
libpipeline1:amd64				install
libpj2						install
libpjlib-util2					install
libpjmedia-audiodev2				install
libpjmedia-codec2				install
libpjmedia-videodev2				install
libpjmedia2					install
libpjnath2					install
libpjproject-dev				install
libpjsip-simple2				install
libpjsip-ua2					install
libpjsip2					install
libpjsua2					install
libplymouth2:amd64				install
libpng12-0:amd64				install
libpng12-dev					install
libpod-latex-perl				install
libpolkit-agent-1-0:amd64			install
libpolkit-backend-1-0:amd64			install
libpolkit-gobject-1-0:amd64			install
libpopt-dev:amd64				install
libpopt0:amd64					install
libportaudio2:amd64				install
libpq-dev					install
libpq5						install
libpri-dev					install
libpri1.4					install
libprocps3:amd64				install
libprotobuf8:amd64				install
libpython-dev:amd64				install
libpython-stdlib:amd64				install
libpython2.7:amd64				install
libpython2.7-dev:amd64				install
libpython2.7-minimal:amd64			install
libpython2.7-stdlib:amd64			install
libpython3-stdlib:amd64				install
libpython3.4-minimal:amd64			install
libpython3.4-stdlib:amd64			install
libqb-dev					install
libqb0						install
libquadmath0:amd64				install
libreadline-dev:amd64				install
libreadline5:amd64				install
libreadline6:amd64				install
libreadline6-dev:amd64				install
libregexp-assemble-perl				install
libresample1					install
libresample1-dev				install
libroken18-heimdal:amd64			install
librpm3						install
librpmbuild3					install
librpmio3					install
librpmsign1					install
librtmp-dev					install
librtmp0:amd64					install
libsasl2-2:amd64				install
libsasl2-dev					install
libsasl2-modules:amd64				install
libsasl2-modules-db:amd64			install
libselinux1:amd64				install
libsemanage-common				install
libsemanage1:amd64				install
libsensors4:amd64				install
libsensors4-dev					install
libsepol1:amd64					install
libserf-1-1:amd64				install
libsigc++-2.0-0c2a:amd64			install
libsigsegv2:amd64				install
libslang2:amd64					install
libslang2-dev:amd64				install
libsnmp-base					install
libsnmp-dev					install
libsnmp30:amd64					install
libspandsp-dev					install
libspandsp2					install
libspeex-dev:amd64				install
libspeex1:amd64					install
libspeexdsp-dev:amd64				install
libspeexdsp1:amd64				install
libsqlite0					install
libsqlite0-dev					install
libsqlite3-0:amd64				install
libsqlite3-dev:amd64				install
libsrtp0					install
libsrtp0-dev					install
libss2:amd64					install
libss7-1					install
libss7-dev					install
libssl-dev:amd64				install
libssl-doc					install
libssl1.0.0:amd64				install
libstdc++-4.8-dev:amd64				install
libstdc++6:amd64				install
libsub-name-perl				install
libsvn1:amd64					install
libsybdb5:amd64					install
libsystemd-daemon0:amd64			install
libsystemd-login0:amd64				install
libtalloc2:amd64				install
libtasn1-6:amd64				install
libtasn1-6-dev					install
libtbb-dev					install
libtbb2						install
libtdb1:amd64					install
libterm-readkey-perl				install
libterm-ui-perl					install
libtevent0:amd64				install
libtext-charwidth-perl				install
libtext-iconv-perl				install
libtext-soundex-perl				install
libtext-wrapi18n-perl				install
libtiff-tools					install
libtiff5:amd64					install
libtiff5-dev:amd64				install
libtiffxx5:amd64				install
libtimedate-perl				install
libtinfo-dev:amd64				install
libtinfo5:amd64					install
libtonezone-dev					install
libtonezone2.0					install
libtool						install
libtsan0:amd64					install
libudev1:amd64					install
libunistring0:amd64				install
libunwind8					install
libusb-0.1-4:amd64				install
libusb-1.0-0:amd64				install
libustr-1.0-1:amd64				install
libutempter0					install
libuuid1:amd64					install
libvorbis-dev:amd64				install
libvorbis0a:amd64				install
libvorbisenc2:amd64				install
libvorbisfile3:amd64				install
libvpb-dev					install
libvpb0						install
libvpx1:amd64					install
libwbclient0:amd64				install
libwind0-heimdal:amd64				install
libwrap0:amd64					install
libwrap0-dev:amd64				install
libx11-6:amd64					install
libx11-data					install
libxapian22					install
libxau6:amd64					install
libxcb1:amd64					install
libxdmcp6:amd64					install
libxext6:amd64					install
libxml2:amd64					install
libxml2-dev:amd64				install
libxmuu1:amd64					install
libxpm4:amd64					install
libxslt1.1:amd64				install
libxtables10					install
libyaml-0-2:amd64				install
linux-libc-dev:amd64				install
locales						install
lockfile-progs					install
login						install
logrotate					install
logwatch					install
lsb-base					install
lsb-release					install
lshw						install
lsof						install
ltrace						install
lvm2						install
lynx						install
lynx-cur					install
m4						install
make						install
makedev						install
man-db						install
manpages					install
manpages-dev					install
mariadb-client-10.1				install
mariadb-client-core-10.1			install
mariadb-common					install
mariadb-server					install
mariadb-server-10.1				install
mariadb-server-core-10.1			install
mawk						install
mime-support					install
mlocate						install
mlock						install
module-assistant				install
module-init-tools				install
mosh						install
mount						install
mountall					install
mtr-tiny					install
multiarch-support				install
mysql-common					install
nano						install
ncurses-base					install
ncurses-bin					install
ncurses-term					install
net-tools					install
netbase						install
netcat-openbsd					install
nkf						install
ntfs-3g						install
ntp						install
ntpdate						install
odbcinst					install
odbcinst1debian2:amd64				install
open-vm-tools					install
openssh-client					install
openssh-server					install
openssh-sftp-server				install
openssl						install
os-prober					install
overlayroot					install
paco						install
parted						install
passwd						install
patch						install
pciutils					install
perl						install
perl-base					install
perl-modules					install
php-pear					install
php5-cli					install
php5-common					install
php5-intl					install
php5-json					install
php5-readline					install
pkg-config					install
pkg-php-tools					install
po-debconf					install
policykit-1					install
pollinate					install
poppler-data					install
popularity-contest				install
postfix						install
powermgmt-base					install
ppp						install
pppconfig					install
pppoeconf					install
preload						install
procps						install
psmisc						install
python						install
python-apt					install
python-apt-common				install
python-chardet					install
python-cheetah					install
python-configobj				install
python-crypto					install
python-dbus					install
python-dbus-dev					install
python-debian					install
python-decorator				install
python-dev					install
python-gdbm					install
python-gi					install
python-gobject					install
python-gobject-2				install
python-json-pointer				install
python-jsonpatch				install
python-ldb					install
python-minimal					install
python-ntdb					install
python-oauth					install
python-openssl					install
python-pam					install
python-pkg-resources				install
python-prettytable				install
python-pycurl					install
python-pyinotify				install
python-pyudev					install
python-requests					install
python-samba					install
python-serial					install
python-setuptools				install
python-six					install
python-speedtest-cli				install
python-talloc					install
python-tdb					install
python-twisted-bin				install
python-twisted-core				install
python-twisted-names				install
python-twisted-web				install
python-urllib3					install
python-virtualenv				install
python-xapian					install
python-yaml					install
python-zope.interface				install
python2.7					install
python2.7-dev					install
python2.7-minimal				install
python3						install
python3-apport					install
python3-apt					install
python3-commandnotfound				install
python3-dbus					install
python3-distupgrade				install
python3-gdbm:amd64				install
python3-gi					install
python3-minimal					install
python3-newt					install
python3-problem-report				install
python3-pycurl					install
python3-software-properties			install
python3-update-manager				install
python3.4					install
python3.4-minimal				install
readline-common					install
resolvconf					install
rpm						install
rpm-common					install
rpm2cpio					install
rsync						install
rsyslog						install
run-one						install
samba-common					install
samba-common-bin				install
samba-libs:amd64				install
schroot						install
schroot-common					install
screen						install
sed						install
sensible-utils					install
sgml-base					install
shared-mime-info				install
software-properties-common			install
ssh-import-id					install
ssl-cert					install
strace						install
subversion					install
sudo						install
systemd-services				install
systemd-shim					install
sysv-rc						install
sysv-rc-conf					install
sysvinit-utils					install
tar						install
tasksel						install
tasksel-data					install
tcpd						install
tcpdump						install
telnet						install
tig						install
time						install
tmux						install
tzdata						install
ubuntu-keyring					install
ubuntu-minimal					install
ubuntu-release-upgrader-core			install
ubuntu-standard					install
ucf						install
udev						install
ufw						install
unattended-upgrades				install
unixodbc					install
unixodbc-dev					install
unscd						install
unzip						install
update-manager-core				install
update-notifier-common				install
ureadahead					install
usbutils					install
util-linux					install
uuid-dev					install
uuid-runtime					install
vim						install
vim-common					install
vim-runtime					install
vim-tiny					install
vsftpd						install
w3m						install
watershed					install
wget						install
whiptail					install
whois						install
xauth						install
xkb-data					install
xml-core					install
xz-utils					install
zerofree					install
zlib1g:amd64					install
zlib1g-dev:amd64				install
